#
# There is insufficient memory for the Java Runtime Environment to continue.
# Native memory allocation (malloc) failed to allocate 1048576 bytes. Error detail: AllocateHeap
# Possible reasons:
#   The system is out of physical RAM or swap space
#   This process is running with CompressedOops enabled, and the Java Heap may be blocking the growth of the native heap
# Possible solutions:
#   Reduce memory load on the system
#   Increase physical memory or swap space
#   Check if swap backing store is full
#   Decrease Java heap size (-Xmx/-Xms)
#   Decrease number of Java threads
#   Decrease Java thread stack sizes (-Xss)
#   Set larger code cache with -XX:ReservedCodeCacheSize=
#   JVM is running with Unscaled Compressed Oops mode in which the Java heap is
#     placed in the first 4GB address space. The Java Heap base address is the
#     maximum limit for the native heap growth. Please use -XX:HeapBaseMinAddress
#     to set the Java Heap base and to place the Java Heap above 4GB virtual address.
# This output file may be truncated or incomplete.
#
#  Out of Memory Error (allocation.cpp:44), pid=20056, tid=10012
#
# JRE version: OpenJDK Runtime Environment Temurin-21.0.12.1+1 (21.0.12.1+1) (build 21.0.12.1+1-LTS)
# Java VM: OpenJDK 64-Bit Server VM Temurin-21.0.12.1+1 (21.0.12.1+1-LTS, mixed mode, sharing, tiered, compressed oops, compressed class ptrs, parallel gc, windows-amd64)
# No core dump will be written. Minidumps are not enabled by default on client versions of Windows
#

---------------  S U M M A R Y ------------

Command Line: --add-modules=ALL-SYSTEM --add-opens=java.base/java.util=ALL-UNNAMED --add-opens=java.base/java.lang=ALL-UNNAMED --add-opens=java.base/sun.nio.fs=ALL-UNNAMED -Declipse.application=org.eclipse.jdt.ls.core.id1 -Dosgi.bundles.defaultStartLevel=4 -Declipse.product=org.eclipse.jdt.ls.core.product -Djava.import.generatesMetadataFilesAtProjectRoot=false -Dm2e.project.cache.size=50 -DDetectVMInstallationsJob.disabled=true -Dfile.encoding=utf8 -XX:+UseParallelGC -XX:GCTimeRatio=4 -XX:AdaptiveSizePolicyWeight=90 -Dsun.zip.disableMemoryMapping=true -Xmx2G -Xms100m -Xlog:disable -javaagent:c:\Users\bh_mm\.vscode\extensions\redhat.java-1.56.0-win32-x64\lombok\lombok-1.18.39-4050.jar -XX:+HeapDumpOnOutOfMemoryError -XX:HeapDumpPath=c:\Users\bh_mm\AppData\Roaming\Code\User\workspaceStorage\262f8f064838e6db8bfc3bb86588ab3c\redhat.java -Daether.dependencyCollector.impl=bf c:\Users\bh_mm\.vscode\extensions\redhat.java-1.56.0-win32-x64\server\plugins\org.eclipse.equinox.launcher_1.8.0.v20260804-1928.jar -configuration c:\Users\bh_mm\AppData\Roaming\Code\User\globalStorage\redhat.java\1.56.0\config_win -data c:\Users\bh_mm\AppData\Roaming\Code\User\workspaceStorage\262f8f064838e6db8bfc3bb86588ab3c\redhat.java\jdt_ws --pipe=\\.\pipe\lsp-9fcd4fd3586179016509c093fa569af8-sock

Host: 11th Gen Intel(R) Core(TM) i5-1135G7 @ 2.40GHz, 8 cores, 7G,  Windows 11 , 64 bit Build 26100 (10.0.26100.9444)
Time: Thu Oct  1 00:53:07 2026 SE Asia Standard Time elapsed time: 1657.902706 seconds (0d 0h 27m 37s)

---------------  T H R E A D  ---------------

Current thread (0x00000254ec30ddb0):  JavaThread "Attach Listener" daemon [_thread_in_vm, id=10012, stack(0x00000098dba00000,0x00000098dbb00000) (1024K)]

Stack: [0x00000098dba00000,0x00000098dbb00000]
Native frames: (J=compiled Java code, j=interpreted, Vv=VM code, C=native code)
V  [jvm.dll+0x6d83e9]
V  [jvm.dll+0x8b5736]
V  [jvm.dll+0x8b7cee]
V  [jvm.dll+0x8b83d3]
V  [jvm.dll+0x284596]
V  [jvm.dll+0xc13c7]
V  [jvm.dll+0x6d8c99]
V  [jvm.dll+0x133616]
V  [jvm.dll+0x3f8aae]
V  [jvm.dll+0x8600cd]
V  [jvm.dll+0x6d6c1d]
C  [ucrtbase.dll+0x2cd30]
C  [KERNEL32.DLL+0x2cd87]
C  [ntdll.dll+0xacaec]


---------------  P R O C E S S  ---------------

Threads class SMR info:
_java_thread_list=0x00000254cbee9590, length=37, elements={
0x00000254ec24eed0, 0x00000254ec308f70, 0x00000254ec30c360, 0x00000254ec30d350,
0x00000254ec30ddb0, 0x00000254ec30e910, 0x00000254ec1c85b0, 0x00000254ec1c93f0,
0x00000254ec1f73b0, 0x00000254c5744b90, 0x00000254c58a02c0, 0x00000254ca689150,
0x00000254ca663660, 0x00000254c573ec70, 0x00000254c5825ab0, 0x00000254caa2b8c0,
0x00000254ca613380, 0x00000254ca1b96d0, 0x00000254cabb15b0, 0x00000254cabb22d0,
0x00000254cabaf4e0, 0x00000254cabb0890, 0x00000254cbbb8e50, 0x00000254cbbb94e0,
0x00000254cbbb6060, 0x00000254cbbb8130, 0x00000254cbbb7aa0, 0x00000254cbbb66f0,
0x00000254cbbb9b70, 0x00000254cbbb7410, 0x00000254cbbb87c0, 0x00000254cbbba200,
0x00000254cbbb6d80, 0x00000254cca38d40, 0x00000254ce200c00, 0x00000254ce200570,
0x00000254ce201fb0
}

Java Threads: ( => current thread )
  0x00000254ec24eed0 JavaThread "main"                              [_thread_blocked, id=8448, stack(0x00000098db300000,0x00000098db400000) (1024K)]
  0x00000254ec308f70 JavaThread "Reference Handler"          daemon [_thread_blocked, id=16492, stack(0x00000098db700000,0x00000098db800000) (1024K)]
  0x00000254ec30c360 JavaThread "Finalizer"                  daemon [_thread_blocked, id=2164, stack(0x00000098db800000,0x00000098db900000) (1024K)]
  0x00000254ec30d350 JavaThread "Signal Dispatcher"          daemon [_thread_blocked, id=21872, stack(0x00000098db900000,0x00000098dba00000) (1024K)]
=>0x00000254ec30ddb0 JavaThread "Attach Listener"            daemon [_thread_in_vm, id=10012, stack(0x00000098dba00000,0x00000098dbb00000) (1024K)]
  0x00000254ec30e910 JavaThread "Service Thread"             daemon [_thread_blocked, id=11420, stack(0x00000098dbb00000,0x00000098dbc00000) (1024K)]
  0x00000254ec1c85b0 JavaThread "Monitor Deflation Thread"   daemon [_thread_blocked, id=12416, stack(0x00000098dbc00000,0x00000098dbd00000) (1024K)]
  0x00000254ec1c93f0 JavaThread "C2 CompilerThread0"         daemon [_thread_blocked, id=3020, stack(0x00000098dbd00000,0x00000098dbe00000) (1024K)]
  0x00000254ec1f73b0 JavaThread "C1 CompilerThread0"         daemon [_thread_blocked, id=20856, stack(0x00000098dbe00000,0x00000098dbf00000) (1024K)]
  0x00000254c5744b90 JavaThread "Common-Cleaner"             daemon [_thread_blocked, id=5088, stack(0x00000098dbf00000,0x00000098dc000000) (1024K)]
  0x00000254c58a02c0 JavaThread "Notification Thread"        daemon [_thread_blocked, id=17432, stack(0x00000098dc000000,0x00000098dc100000) (1024K)]
  0x00000254ca689150 JavaThread "Active Thread: Equinox Container: 0491de48-5630-4d23-a6ac-693e84c78e9d"        [_thread_blocked, id=11304, stack(0x00000098dc700000,0x00000098dc800000) (1024K)]
  0x00000254ca663660 JavaThread "Refresh Thread: Equinox Container: 0491de48-5630-4d23-a6ac-693e84c78e9d" daemon [_thread_blocked, id=3436, stack(0x00000098dc900000,0x00000098dca00000) (1024K)]
  0x00000254c573ec70 JavaThread "Framework Event Dispatcher: Equinox Container: 0491de48-5630-4d23-a6ac-693e84c78e9d" daemon [_thread_blocked, id=22016, stack(0x00000098dca00000,0x00000098dcb00000) (1024K)]
  0x00000254c5825ab0 JavaThread "Start Level: Equinox Container: 0491de48-5630-4d23-a6ac-693e84c78e9d" daemon [_thread_blocked, id=12452, stack(0x00000098dcb00000,0x00000098dcc00000) (1024K)]
  0x00000254caa2b8c0 JavaThread "Bundle File Closer"         daemon [_thread_blocked, id=13180, stack(0x00000098dcc00000,0x00000098dcd00000) (1024K)]
  0x00000254ca613380 JavaThread "SCR Component Actor"        daemon [_thread_blocked, id=15680, stack(0x00000098dcd00000,0x00000098dce00000) (1024K)]
  0x00000254ca1b96d0 JavaThread "Worker-JM"                         [_thread_blocked, id=22464, stack(0x00000098dce00000,0x00000098dcf00000) (1024K)]
  0x00000254cabb15b0 JavaThread "Java indexing"              daemon [_thread_blocked, id=16884, stack(0x00000098dd100000,0x00000098dd200000) (1024K)]
  0x00000254cabb22d0 JavaThread "Worker-2"                          [_thread_blocked, id=15812, stack(0x00000098dd200000,0x00000098dd300000) (1024K)]
  0x00000254cabaf4e0 JavaThread "JNA Cleaner"                daemon [_thread_blocked, id=4108, stack(0x00000098dd300000,0x00000098dd400000) (1024K)]
  0x00000254cabb0890 JavaThread "Thread-1"                   daemon [_thread_in_native, id=20600, stack(0x00000098dd900000,0x00000098dda00000) (1024K)]
  0x00000254cbbb8e50 JavaThread "Thread-2"                   daemon [_thread_in_native, id=19928, stack(0x00000098dda00000,0x00000098ddb00000) (1024K)]
  0x00000254cbbb94e0 JavaThread "Thread-3"                   daemon [_thread_in_native, id=1596, stack(0x00000098ddb00000,0x00000098ddc00000) (1024K)]
  0x00000254cbbb6060 JavaThread "Thread-4"                   daemon [_thread_in_native, id=8896, stack(0x00000098ddc00000,0x00000098ddd00000) (1024K)]
  0x00000254cbbb8130 JavaThread "Thread-5"                   daemon [_thread_in_native, id=15032, stack(0x00000098ddd00000,0x00000098dde00000) (1024K)]
  0x00000254cbbb7aa0 JavaThread "Thread-6"                   daemon [_thread_in_native, id=22180, stack(0x00000098dde00000,0x00000098ddf00000) (1024K)]
  0x00000254cbbb66f0 JavaThread "Thread-7"                   daemon [_thread_in_native, id=19452, stack(0x00000098ddf00000,0x00000098de000000) (1024K)]
  0x00000254cbbb9b70 JavaThread "Thread-8"                   daemon [_thread_in_native, id=3480, stack(0x00000098de000000,0x00000098de100000) (1024K)]
  0x00000254cbbb7410 JavaThread "Thread-9"                   daemon [_thread_in_native, id=18588, stack(0x00000098de100000,0x00000098de200000) (1024K)]
  0x00000254cbbb87c0 JavaThread "pool-2-thread-1"                   [_thread_blocked, id=13720, stack(0x00000098de200000,0x00000098de300000) (1024K)]
  0x00000254cbbba200 JavaThread "WorkspaceEventsHandler"            [_thread_blocked, id=18916, stack(0x00000098de300000,0x00000098de400000) (1024K)]
  0x00000254cbbb6d80 JavaThread "pool-1-thread-1"                   [_thread_blocked, id=8308, stack(0x00000098de400000,0x00000098de500000) (1024K)]
  0x00000254cca38d40 JavaThread "Worker-7"                          [_thread_blocked, id=18868, stack(0x00000098db100000,0x00000098db200000) (1024K)]
  0x00000254ce200c00 JavaThread "PatternSearchJob-worker-3"  daemon [_thread_blocked, id=22504, stack(0x00000098df600000,0x00000098df700000) (1024K)]
  0x00000254ce200570 JavaThread "PatternSearchJob-worker-5"  daemon [_thread_blocked, id=11972, stack(0x00000098df800000,0x00000098df900000) (1024K)]
  0x00000254ce201fb0 JavaThread "PatternSearchJob-worker-7"  daemon [_thread_blocked, id=12160, stack(0x00000098dfa00000,0x00000098dfb00000) (1024K)]
Total: 37

Other Threads:
  0x00000254ec2eeb20 VMThread "VM Thread"                           [id=7712, stack(0x00000098db600000,0x00000098db700000) (1024K)]
  0x00000254ec2b96c0 WatcherThread "VM Periodic Task Thread"        [id=8536, stack(0x00000098db500000,0x00000098db600000) (1024K)]
  0x00000254ec26d2f0 WorkerThread "GC Thread#0"                     [id=3780, stack(0x00000098db400000,0x00000098db500000) (1024K)]
  0x00000254ca0f1540 WorkerThread "GC Thread#1"                     [id=3172, stack(0x00000098dc100000,0x00000098dc200000) (1024K)]
  0x00000254ca61f910 WorkerThread "GC Thread#2"                     [id=12164, stack(0x00000098dc200000,0x00000098dc300000) (1024K)]
  0x00000254ca0b8910 WorkerThread "GC Thread#3"                     [id=22352, stack(0x00000098dc300000,0x00000098dc400000) (1024K)]
  0x00000254ca0b8cc0 WorkerThread "GC Thread#4"                     [id=20348, stack(0x00000098dc400000,0x00000098dc500000) (1024K)]
  0x00000254ca0cdf50 WorkerThread "GC Thread#5"                     [id=21340, stack(0x00000098dc500000,0x00000098dc600000) (1024K)]
  0x00000254ca0ce300 WorkerThread "GC Thread#6"                     [id=21780, stack(0x00000098dc600000,0x00000098dc700000) (1024K)]
  0x00000254ec1cd920 WorkerThread "GC Thread#7"                     [id=8576, stack(0x00000098dc800000,0x00000098dc900000) (1024K)]
Total: 10

Threads with active compile tasks:
Total: 0

VM state: not at safepoint (normal execution)

VM Mutex/Monitor currently owned by a thread: None

Heap address: 0x0000000080000000, size: 2048 MB, Compressed Oops mode: 32-bit

CDS archive(s) mapped at: [0x0000025484000000-0x0000025484ba0000-0x0000025484ba0000), size 12189696, SharedBaseAddress: 0x0000025484000000, ArchiveRelocationMode: 1.
Compressed class space mapped at: 0x0000025485000000-0x00000254c5000000, reserved size: 1073741824
Narrow klass base: 0x0000025484000000, Narrow klass shift: 0, Narrow klass range: 0x100000000

GC Precious Log:
 CardTable entry size: 512
 CPUs: 8 total, 8 available
 Memory: 7926M
 Large Page Support: Disabled
 NUMA Support: Disabled
 Compressed Oops: Enabled (32-bit)
 Alignments: Space 512K, Generation 512K, Heap 2M
 Heap Min Capacity: 100M
 Heap Initial Capacity: 100M
 Heap Max Capacity: 2G
 Pre-touch: Disabled
 Parallel Workers: 8

Heap:
 PSYoungGen      total 2048K, used 1813K [0x00000000d5580000, 0x00000000d5c80000, 0x0000000100000000)
  eden space 1024K, 77% used [0x00000000d5580000,0x00000000d56457d0,0x00000000d5680000)
  from space 1024K, 100% used [0x00000000d5900000,0x00000000d5a00000,0x00000000d5a00000)
  to   space 2560K, 0% used [0x00000000d5680000,0x00000000d5680000,0x00000000d5900000)
 ParOldGen       total 1113088K, used 1112698K [0x0000000080000000, 0x00000000c3f00000, 0x00000000d5580000)
  object space 1113088K, 99% used [0x0000000080000000,0x00000000c3e9eb38,0x00000000c3f00000)
 Metaspace       used 74221K, committed 75712K, reserved 1179648K
  class space    used 7829K, committed 8448K, reserved 1048576K

Card table byte_map: [0x00000254ebbf0000,0x00000254ec000000] _byte_map_base: 0x00000254eb7f0000

Marking Bits: (ParMarkBitMap*) 0x00007ff89b8d44a0
 Begin Bits: [0x0000025480000000, 0x0000025482000000)
 End Bits:   [0x0000025482000000, 0x0000025484000000)

Polling page: 0x00000254ea0e0000

Metaspace:

Usage:
  Non-class:     64.84 MB used.
      Class:      7.65 MB used.
       Both:     72.48 MB used.

Virtual space:
  Non-class space:      128.00 MB reserved,      65.69 MB ( 51%) committed,  2 nodes.
      Class space:        1.00 GB reserved,       8.25 MB ( <1%) committed,  1 nodes.
             Both:        1.12 GB reserved,      73.94 MB (  6%) committed. 

Chunk freelists:
   Non-Class:  13.95 MB
       Class:  7.70 MB
        Both:  21.66 MB

MaxMetaspaceSize: unlimited
CompressedClassSpaceSize: 1.00 GB
Initial GC threshold: 21.00 MB
Current GC threshold: 97.31 MB
CDS: on
 - commit_granule_bytes: 65536.
 - commit_granule_words: 8192.
 - virtual_space_node_default_size: 8388608.
 - enlarge_chunks_in_place: 1.
 - use_allocation_guard: 0.


Internal statistics:

num_allocs_failed_limit: 9.
num_arena_births: 1290.
num_arena_deaths: 34.
num_vsnodes_births: 3.
num_vsnodes_deaths: 0.
num_space_committed: 1183.
num_space_uncommitted: 0.
num_chunks_returned_to_freelist: 51.
num_chunks_taken_from_freelist: 4557.
num_chunk_merges: 20.
num_chunk_splits: 2795.
num_chunks_enlarged: 1621.
num_inconsistent_stats: 0.

CodeHeap 'non-profiled nmethods': size=120000Kb used=13021Kb max_used=13021Kb free=106978Kb
 bounds [0x00000254f6f20000, 0x00000254f7be0000, 0x00000254fe450000]
CodeHeap 'profiled nmethods': size=120000Kb used=37226Kb max_used=37226Kb free=82773Kb
 bounds [0x00000254ef450000, 0x00000254f18b0000, 0x00000254f6980000]
CodeHeap 'non-nmethods': size=5760Kb used=1480Kb max_used=1542Kb free=4280Kb
 bounds [0x00000254f6980000, 0x00000254f6bf0000, 0x00000254f6f20000]
CodeCache: size=245760Kb, used=51727Kb, max_used=51789Kb, free=194031Kb
 total_blobs=16408, nmethods=15619, adapters=694, full_count=0
Compilation: enabled, stopped_count=0, restarted_count=0

Compilation events (20 events):
Event: 1046.870 Thread 0x00000254ec1f73b0 16289       3       java.util.concurrent.ScheduledThreadPoolExecutor$DelayedWorkQueue::add (9 bytes)
Event: 1046.875 Thread 0x00000254ec1f73b0 nmethod 16289 0x00000254f18a3b90 code [0x00000254f18a3d60, 0x00000254f18a4038]
Event: 1046.875 Thread 0x00000254ec1f73b0 16290       3       java.util.concurrent.ScheduledThreadPoolExecutor$DelayedWorkQueue::add (6 bytes)
Event: 1046.875 Thread 0x00000254ec1f73b0 nmethod 16290 0x00000254f18a4110 code [0x00000254f18a42c0, 0x00000254f18a4418]
Event: 1046.875 Thread 0x00000254ec1f73b0 16291   !   3       java.util.concurrent.ScheduledThreadPoolExecutor$DelayedWorkQueue::offer (123 bytes)
Event: 1046.878 Thread 0x00000254ec1f73b0 nmethod 16291 0x00000254f18a4510 code [0x00000254f18a4820, 0x00000254f18a5bc0]
Event: 1051.363 Thread 0x00000254ec1f73b0 16292   !   3       java.util.logging.LogManager::ensureLogManagerInitialized (144 bytes)
Event: 1051.374 Thread 0x00000254ec1f73b0 nmethod 16292 0x00000254f18a6410 code [0x00000254f18a6720, 0x00000254f18a7840]
Event: 1066.882 Thread 0x00000254ec1f73b0 16293       3       java.util.concurrent.ScheduledThreadPoolExecutor$ScheduledFutureTask::run (57 bytes)
Event: 1066.886 Thread 0x00000254ec1f73b0 nmethod 16293 0x00000254f18a7e10 code [0x00000254f18a8040, 0x00000254f18a85b0]
Event: 1224.152 Thread 0x00000254ec1f73b0 16294       3       org.eclipse.core.internal.dtree.AbstractDataTreeNode::storeStrings (42 bytes)
Event: 1224.192 Thread 0x00000254ec1f73b0 nmethod 16294 0x00000254f18a8790 code [0x00000254f18a8960, 0x00000254f18a8cd8]
Event: 1224.193 Thread 0x00000254ec1f73b0 16295       3       org.eclipse.core.internal.utils.StringPool::add (50 bytes)
Event: 1224.210 Thread 0x00000254ec1f73b0 nmethod 16295 0x00000254f18a8e90 code [0x00000254f18a9080, 0x00000254f18a9550]
Event: 1224.210 Thread 0x00000254ec1f73b0 16296       3       org.eclipse.core.internal.dtree.DataTreeNode::storeStrings (28 bytes)
Event: 1224.212 Thread 0x00000254ec1f73b0 nmethod 16296 0x00000254f18a9710 code [0x00000254f18a98e0, 0x00000254f18a9d60]
Event: 1307.528 Thread 0x00000254ec1f73b0 16297       1       org.eclipse.jdt.ls.core.internal.LanguageServerApplication::getParentProcessId (5 bytes)
Event: 1307.530 Thread 0x00000254ec1f73b0 nmethod 16297 0x00000254f7bd7390 code [0x00000254f7bd7520, 0x00000254f7bd75e8]
Event: 1587.395 Thread 0x00000254ec1f73b0 16298       3       java.util.concurrent.locks.AbstractQueuedSynchronizer$ConditionObject::enableWait (84 bytes)
Event: 1587.430 Thread 0x00000254ec1f73b0 nmethod 16298 0x00000254f18a9e90 code [0x00000254f18aa0a0, 0x00000254f18aa6d8]

GC Heap History (20 events):
Event: 288.701 GC heap before
{Heap before GC invocations=1996 (full 3):
 PSYoungGen      total 2560K, used 2540K [0x00000000d5580000, 0x00000000d5c80000, 0x0000000100000000)
  eden space 1536K, 100% used [0x00000000d5580000,0x00000000d5700000,0x00000000d5700000)
  from space 1024K, 98% used [0x00000000d5900000,0x00000000d59fb110,0x00000000d5a00000)
  to   space 2048K, 0% used [0x00000000d5700000,0x00000000d5700000,0x00000000d5900000)
 ParOldGen       total 1098240K, used 1098160K [0x0000000080000000, 0x00000000c3080000, 0x00000000d5580000)
  object space 1098240K, 99% used [0x0000000080000000,0x00000000c306c198,0x00000000c3080000)
 Metaspace       used 74143K, committed 75648K, reserved 1179648K
  class space    used 7825K, committed 8448K, reserved 1048576K
}
Event: 288.705 GC heap after
{Heap after GC invocations=1996 (full 3):
 PSYoungGen      total 3584K, used 1543K [0x00000000d5580000, 0x00000000d5b80000, 0x0000000100000000)
  eden space 1536K, 0% used [0x00000000d5580000,0x00000000d5580000,0x00000000d5700000)
  from space 2048K, 75% used [0x00000000d5700000,0x00000000d5881f20,0x00000000d5900000)
  to   space 2048K, 0% used [0x00000000d5980000,0x00000000d5980000,0x00000000d5b80000)
 ParOldGen       total 1099264K, used 1099157K [0x0000000080000000, 0x00000000c3180000, 0x00000000d5580000)
  object space 1099264K, 99% used [0x0000000080000000,0x00000000c31654c8,0x00000000c3180000)
 Metaspace       used 74143K, committed 75648K, reserved 1179648K
  class space    used 7825K, committed 8448K, reserved 1048576K
}
Event: 288.714 GC heap before
{Heap before GC invocations=1997 (full 3):
 PSYoungGen      total 3584K, used 3079K [0x00000000d5580000, 0x00000000d5b80000, 0x0000000100000000)
  eden space 1536K, 100% used [0x00000000d5580000,0x00000000d5700000,0x00000000d5700000)
  from space 2048K, 75% used [0x00000000d5700000,0x00000000d5881f20,0x00000000d5900000)
  to   space 2048K, 0% used [0x00000000d5980000,0x00000000d5980000,0x00000000d5b80000)
 ParOldGen       total 1099264K, used 1099157K [0x0000000080000000, 0x00000000c3180000, 0x00000000d5580000)
  object space 1099264K, 99% used [0x0000000080000000,0x00000000c31654c8,0x00000000c3180000)
 Metaspace       used 74143K, committed 75648K, reserved 1179648K
  class space    used 7825K, committed 8448K, reserved 1048576K
}
Event: 288.717 GC heap after
{Heap after GC invocations=1997 (full 3):
 PSYoungGen      total 4096K, used 1600K [0x00000000d5580000, 0x00000000d5b80000, 0x0000000100000000)
  eden space 2048K, 0% used [0x00000000d5580000,0x00000000d5580000,0x00000000d5780000)
  from space 2048K, 78% used [0x00000000d5980000,0x00000000d5b10000,0x00000000d5b80000)
  to   space 2048K, 0% used [0x00000000d5780000,0x00000000d5780000,0x00000000d5980000)
 ParOldGen       total 1100800K, used 1100609K [0x0000000080000000, 0x00000000c3300000, 0x00000000d5580000)
  object space 1100800K, 99% used [0x0000000080000000,0x00000000c32d0558,0x00000000c3300000)
 Metaspace       used 74143K, committed 75648K, reserved 1179648K
  class space    used 7825K, committed 8448K, reserved 1048576K
}
Event: 288.729 GC heap before
{Heap before GC invocations=1998 (full 3):
 PSYoungGen      total 4096K, used 3648K [0x00000000d5580000, 0x00000000d5b80000, 0x0000000100000000)
  eden space 2048K, 100% used [0x00000000d5580000,0x00000000d5780000,0x00000000d5780000)
  from space 2048K, 78% used [0x00000000d5980000,0x00000000d5b10000,0x00000000d5b80000)
  to   space 2048K, 0% used [0x00000000d5780000,0x00000000d5780000,0x00000000d5980000)
 ParOldGen       total 1100800K, used 1100609K [0x0000000080000000, 0x00000000c3300000, 0x00000000d5580000)
  object space 1100800K, 99% used [0x0000000080000000,0x00000000c32d0558,0x00000000c3300000)
 Metaspace       used 74143K, committed 75648K, reserved 1179648K
  class space    used 7825K, committed 8448K, reserved 1048576K
}
Event: 288.734 GC heap after
{Heap after GC invocations=1998 (full 3):
 PSYoungGen      total 4096K, used 2048K [0x00000000d5580000, 0x00000000d6000000, 0x0000000100000000)
  eden space 2048K, 0% used [0x00000000d5580000,0x00000000d5580000,0x00000000d5780000)
  from space 2048K, 100% used [0x00000000d5780000,0x00000000d5980000,0x00000000d5980000)
  to   space 4096K, 0% used [0x00000000d5c00000,0x00000000d5c00000,0x00000000d6000000)
 ParOldGen       total 1102336K, used 1102097K [0x0000000080000000, 0x00000000c3480000, 0x00000000d5580000)
  object space 1102336K, 99% used [0x0000000080000000,0x00000000c3444430,0x00000000c3480000)
 Metaspace       used 74143K, committed 75648K, reserved 1179648K
  class space    used 7825K, committed 8448K, reserved 1048576K
}
Event: 288.746 GC heap before
{Heap before GC invocations=1999 (full 3):
 PSYoungGen      total 4096K, used 4096K [0x00000000d5580000, 0x00000000d6000000, 0x0000000100000000)
  eden space 2048K, 100% used [0x00000000d5580000,0x00000000d5780000,0x00000000d5780000)
  from space 2048K, 100% used [0x00000000d5780000,0x00000000d5980000,0x00000000d5980000)
  to   space 4096K, 0% used [0x00000000d5c00000,0x00000000d5c00000,0x00000000d6000000)
 ParOldGen       total 1102336K, used 1102097K [0x0000000080000000, 0x00000000c3480000, 0x00000000d5580000)
  object space 1102336K, 99% used [0x0000000080000000,0x00000000c3444430,0x00000000c3480000)
 Metaspace       used 74143K, committed 75648K, reserved 1179648K
  class space    used 7825K, committed 8448K, reserved 1048576K
}
Event: 288.750 GC heap after
{Heap after GC invocations=1999 (full 3):
 PSYoungGen      total 4608K, used 1984K [0x00000000d5580000, 0x00000000d5e00000, 0x0000000100000000)
  eden space 2560K, 0% used [0x00000000d5580000,0x00000000d5580000,0x00000000d5800000)
  from space 2048K, 96% used [0x00000000d5c00000,0x00000000d5df0000,0x00000000d5e00000)
  to   space 2560K, 0% used [0x00000000d5900000,0x00000000d5900000,0x00000000d5b80000)
 ParOldGen       total 1104384K, used 1104056K [0x0000000080000000, 0x00000000c3680000, 0x00000000d5580000)
  object space 1104384K, 99% used [0x0000000080000000,0x00000000c362e2c0,0x00000000c3680000)
 Metaspace       used 74143K, committed 75648K, reserved 1179648K
  class space    used 7825K, committed 8448K, reserved 1048576K
}
Event: 288.800 GC heap before
{Heap before GC invocations=2000 (full 3):
 PSYoungGen      total 4608K, used 4544K [0x00000000d5580000, 0x00000000d5e00000, 0x0000000100000000)
  eden space 2560K, 100% used [0x00000000d5580000,0x00000000d5800000,0x00000000d5800000)
  from space 2048K, 96% used [0x00000000d5c00000,0x00000000d5df0000,0x00000000d5e00000)
  to   space 2560K, 0% used [0x00000000d5900000,0x00000000d5900000,0x00000000d5b80000)
 ParOldGen       total 1104384K, used 1104056K [0x0000000080000000, 0x00000000c3680000, 0x00000000d5580000)
  object space 1104384K, 99% used [0x0000000080000000,0x00000000c362e2c0,0x00000000c3680000)
 Metaspace       used 74164K, committed 75712K, reserved 1179648K
  class space    used 7825K, committed 8448K, reserved 1048576K
}
Event: 288.804 GC heap after
{Heap after GC invocations=2000 (full 3):
 PSYoungGen      total 5632K, used 2318K [0x00000000d5580000, 0x00000000d5d80000, 0x0000000100000000)
  eden space 3072K, 0% used [0x00000000d5580000,0x00000000d5580000,0x00000000d5880000)
  from space 2560K, 90% used [0x00000000d5900000,0x00000000d5b43820,0x00000000d5b80000)
  to   space 2048K, 0% used [0x00000000d5b80000,0x00000000d5b80000,0x00000000d5d80000)
 ParOldGen       total 1106432K, used 1106009K [0x0000000080000000, 0x00000000c3880000, 0x00000000d5580000)
  object space 1106432K, 99% used [0x0000000080000000,0x00000000c3816600,0x00000000c3880000)
 Metaspace       used 74164K, committed 75712K, reserved 1179648K
  class space    used 7825K, committed 8448K, reserved 1048576K
}
Event: 288.837 GC heap before
{Heap before GC invocations=2001 (full 3):
 PSYoungGen      total 5632K, used 5390K [0x00000000d5580000, 0x00000000d5d80000, 0x0000000100000000)
  eden space 3072K, 100% used [0x00000000d5580000,0x00000000d5880000,0x00000000d5880000)
  from space 2560K, 90% used [0x00000000d5900000,0x00000000d5b43820,0x00000000d5b80000)
  to   space 2048K, 0% used [0x00000000d5b80000,0x00000000d5b80000,0x00000000d5d80000)
 ParOldGen       total 1106432K, used 1106009K [0x0000000080000000, 0x00000000c3880000, 0x00000000d5580000)
  object space 1106432K, 99% used [0x0000000080000000,0x00000000c3816600,0x00000000c3880000)
 Metaspace       used 74178K, committed 75712K, reserved 1179648K
  class space    used 7826K, committed 8448K, reserved 1048576K
}
Event: 288.842 GC heap after
{Heap after GC invocations=2001 (full 3):
 PSYoungGen      total 2560K, used 2048K [0x00000000d5580000, 0x00000000d6380000, 0x0000000100000000)
  eden space 512K, 0% used [0x00000000d5580000,0x00000000d5580000,0x00000000d5600000)
  from space 2048K, 100% used [0x00000000d5b80000,0x00000000d5d80000,0x00000000d5d80000)
  to   space 5632K, 0% used [0x00000000d5600000,0x00000000d5600000,0x00000000d5b80000)
 ParOldGen       total 1108992K, used 1108824K [0x0000000080000000, 0x00000000c3b00000, 0x00000000d5580000)
  object space 1108992K, 99% used [0x0000000080000000,0x00000000c3ad63e0,0x00000000c3b00000)
 Metaspace       used 74178K, committed 75712K, reserved 1179648K
  class space    used 7826K, committed 8448K, reserved 1048576K
}
Event: 288.844 GC heap before
{Heap before GC invocations=2002 (full 3):
 PSYoungGen      total 2560K, used 2559K [0x00000000d5580000, 0x00000000d6380000, 0x0000000100000000)
  eden space 512K, 99% used [0x00000000d5580000,0x00000000d55fffb0,0x00000000d5600000)
  from space 2048K, 100% used [0x00000000d5b80000,0x00000000d5d80000,0x00000000d5d80000)
  to   space 5632K, 0% used [0x00000000d5600000,0x00000000d5600000,0x00000000d5b80000)
 ParOldGen       total 1108992K, used 1108824K [0x0000000080000000, 0x00000000c3b00000, 0x00000000d5580000)
  object space 1108992K, 99% used [0x0000000080000000,0x00000000c3ad63e0,0x00000000c3b00000)
 Metaspace       used 74178K, committed 75712K, reserved 1179648K
  class space    used 7826K, committed 8448K, reserved 1048576K
}
Event: 288.849 GC heap after
{Heap after GC invocations=2002 (full 3):
 PSYoungGen      total 1024K, used 512K [0x00000000d5580000, 0x00000000d5c00000, 0x0000000100000000)
  eden space 512K, 0% used [0x00000000d5580000,0x00000000d5580000,0x00000000d5600000)
  from space 512K, 100% used [0x00000000d5600000,0x00000000d5680000,0x00000000d5680000)
  to   space 2560K, 0% used [0x00000000d5980000,0x00000000d5980000,0x00000000d5c00000)
 ParOldGen       total 1111040K, used 1110908K [0x0000000080000000, 0x00000000c3d00000, 0x00000000d5580000)
  object space 1111040K, 99% used [0x0000000080000000,0x00000000c3cdf000,0x00000000c3d00000)
 Metaspace       used 74178K, committed 75712K, reserved 1179648K
  class space    used 7826K, committed 8448K, reserved 1048576K
}
Event: 288.850 GC heap before
{Heap before GC invocations=2003 (full 3):
 PSYoungGen      total 1024K, used 1023K [0x00000000d5580000, 0x00000000d5c00000, 0x0000000100000000)
  eden space 512K, 99% used [0x00000000d5580000,0x00000000d55fffe8,0x00000000d5600000)
  from space 512K, 100% used [0x00000000d5600000,0x00000000d5680000,0x00000000d5680000)
  to   space 2560K, 0% used [0x00000000d5980000,0x00000000d5980000,0x00000000d5c00000)
 ParOldGen       total 1111040K, used 1110908K [0x0000000080000000, 0x00000000c3d00000, 0x00000000d5580000)
  object space 1111040K, 99% used [0x0000000080000000,0x00000000c3cdf000,0x00000000c3d00000)
 Metaspace       used 74178K, committed 75712K, reserved 1179648K
  class space    used 7826K, committed 8448K, reserved 1048576K
}
Event: 288.853 GC heap after
{Heap after GC invocations=2003 (full 3):
 PSYoungGen      total 1536K, used 512K [0x00000000d5580000, 0x00000000d5a00000, 0x0000000100000000)
  eden space 1024K, 0% used [0x00000000d5580000,0x00000000d5580000,0x00000000d5680000)
  from space 512K, 100% used [0x00000000d5980000,0x00000000d5a00000,0x00000000d5a00000)
  to   space 1024K, 0% used [0x00000000d5800000,0x00000000d5800000,0x00000000d5900000)
 ParOldGen       total 1111552K, used 1111313K [0x0000000080000000, 0x00000000c3d80000, 0x00000000d5580000)
  object space 1111552K, 99% used [0x0000000080000000,0x00000000c3d447b8,0x00000000c3d80000)
 Metaspace       used 74178K, committed 75712K, reserved 1179648K
  class space    used 7826K, committed 8448K, reserved 1048576K
}
Event: 288.856 GC heap before
{Heap before GC invocations=2004 (full 3):
 PSYoungGen      total 1536K, used 1535K [0x00000000d5580000, 0x00000000d5a00000, 0x0000000100000000)
  eden space 1024K, 99% used [0x00000000d5580000,0x00000000d567ff58,0x00000000d5680000)
  from space 512K, 100% used [0x00000000d5980000,0x00000000d5a00000,0x00000000d5a00000)
  to   space 1024K, 0% used [0x00000000d5800000,0x00000000d5800000,0x00000000d5900000)
 ParOldGen       total 1111552K, used 1111313K [0x0000000080000000, 0x00000000c3d80000, 0x00000000d5580000)
  object space 1111552K, 99% used [0x0000000080000000,0x00000000c3d447b8,0x00000000c3d80000)
 Metaspace       used 74180K, committed 75712K, reserved 1179648K
  class space    used 7826K, committed 8448K, reserved 1048576K
}
Event: 288.859 GC heap after
{Heap after GC invocations=2004 (full 3):
 PSYoungGen      total 2560K, used 914K [0x00000000d5580000, 0x00000000d5a00000, 0x0000000100000000)
  eden space 1536K, 0% used [0x00000000d5580000,0x00000000d5580000,0x00000000d5700000)
  from space 1024K, 89% used [0x00000000d5800000,0x00000000d58e4ac8,0x00000000d5900000)
  to   space 1024K, 0% used [0x00000000d5900000,0x00000000d5900000,0x00000000d5a00000)
 ParOldGen       total 1112064K, used 1111729K [0x0000000080000000, 0x00000000c3e00000, 0x00000000d5580000)
  object space 1112064K, 99% used [0x0000000080000000,0x00000000c3dac7b8,0x00000000c3e00000)
 Metaspace       used 74180K, committed 75712K, reserved 1179648K
  class space    used 7826K, committed 8448K, reserved 1048576K
}
Event: 535.161 GC heap before
{Heap before GC invocations=2005 (full 3):
 PSYoungGen      total 2560K, used 2450K [0x00000000d5580000, 0x00000000d5a00000, 0x0000000100000000)
  eden space 1536K, 99% used [0x00000000d5580000,0x00000000d56fffe8,0x00000000d5700000)
  from space 1024K, 89% used [0x00000000d5800000,0x00000000d58e4ac8,0x00000000d5900000)
  to   space 1024K, 0% used [0x00000000d5900000,0x00000000d5900000,0x00000000d5a00000)
 ParOldGen       total 1112064K, used 1111729K [0x0000000080000000, 0x00000000c3e00000, 0x00000000d5580000)
  object space 1112064K, 99% used [0x0000000080000000,0x00000000c3dac7b8,0x00000000c3e00000)
 Metaspace       used 74189K, committed 75712K, reserved 1179648K
  class space    used 7827K, committed 8448K, reserved 1048576K
}
Event: 535.320 GC heap after
{Heap after GC invocations=2005 (full 3):
 PSYoungGen      total 2048K, used 1024K [0x00000000d5580000, 0x00000000d5c80000, 0x0000000100000000)
  eden space 1024K, 0% used [0x00000000d5580000,0x00000000d5580000,0x00000000d5680000)
  from space 1024K, 100% used [0x00000000d5900000,0x00000000d5a00000,0x00000000d5a00000)
  to   space 2560K, 0% used [0x00000000d5680000,0x00000000d5680000,0x00000000d5900000)
 ParOldGen       total 1113088K, used 1112698K [0x0000000080000000, 0x00000000c3f00000, 0x00000000d5580000)
  object space 1113088K, 99% used [0x0000000080000000,0x00000000c3e9eb38,0x00000000c3f00000)
 Metaspace       used 74189K, committed 75712K, reserved 1179648K
  class space    used 7827K, committed 8448K, reserved 1048576K
}

Dll operation events (20 events):
Event: 0.455 Attempting to load shared library C:\Users\bh_mm\.vscode\extensions\redhat.java-1.56.0-win32-x64\jre\21.0.12.1-win32-x86_64\bin\nio.dll
Event: 0.456 Loaded shared library C:\Users\bh_mm\.vscode\extensions\redhat.java-1.56.0-win32-x64\jre\21.0.12.1-win32-x86_64\bin\nio.dll
Event: 0.460 Attempting to load shared library C:\Users\bh_mm\.vscode\extensions\redhat.java-1.56.0-win32-x64\jre\21.0.12.1-win32-x86_64\bin\zip.dll
Event: 0.460 Loaded shared library C:\Users\bh_mm\.vscode\extensions\redhat.java-1.56.0-win32-x64\jre\21.0.12.1-win32-x86_64\bin\zip.dll
Event: 0.598 Attempting to load shared library C:\Users\bh_mm\.vscode\extensions\redhat.java-1.56.0-win32-x64\jre\21.0.12.1-win32-x86_64\bin\jimage.dll
Event: 0.598 Loaded shared library C:\Users\bh_mm\.vscode\extensions\redhat.java-1.56.0-win32-x64\jre\21.0.12.1-win32-x86_64\bin\jimage.dll
Event: 0.799 Attempting to load shared library c:\Users\bh_mm\.vscode\extensions\redhat.java-1.56.0-win32-x64\jre\21.0.12.1-win32-x86_64\bin\verify.dll
Event: 0.800 Loaded shared library c:\Users\bh_mm\.vscode\extensions\redhat.java-1.56.0-win32-x64\jre\21.0.12.1-win32-x86_64\bin\verify.dll
Event: 11.797 Attempting to load shared library C:\Users\bh_mm\AppData\Roaming\Code\User\globalStorage\redhat.java\1.56.0\config_win\org.eclipse.equinox.launcher\org.eclipse.equinox.launcher.win32.win32.x86_64_1.3.100.v20260804-1928\eclipse_11924.dll
Event: 11.981 Loaded shared library C:\Users\bh_mm\AppData\Roaming\Code\User\globalStorage\redhat.java\1.56.0\config_win\org.eclipse.equinox.launcher\org.eclipse.equinox.launcher.win32.win32.x86_64_1.3.100.v20260804-1928\eclipse_11924.dll
Event: 23.891 Attempting to load shared library C:\Users\bh_mm\.vscode\extensions\redhat.java-1.56.0-win32-x64\jre\21.0.12.1-win32-x86_64\bin\management.dll
Event: 23.891 Loaded shared library C:\Users\bh_mm\.vscode\extensions\redhat.java-1.56.0-win32-x64\jre\21.0.12.1-win32-x86_64\bin\management.dll
Event: 23.894 Attempting to load shared library C:\Users\bh_mm\.vscode\extensions\redhat.java-1.56.0-win32-x64\jre\21.0.12.1-win32-x86_64\bin\management_ext.dll
Event: 23.895 Loaded shared library C:\Users\bh_mm\.vscode\extensions\redhat.java-1.56.0-win32-x64\jre\21.0.12.1-win32-x86_64\bin\management_ext.dll
Event: 25.551 Attempting to load shared library C:\Users\bh_mm\AppData\Local\Temp\jna-2094529\jna1422338926693590535.dll
Event: 25.648 Loaded shared library C:\Users\bh_mm\AppData\Local\Temp\jna-2094529\jna1422338926693590535.dll
Event: 26.319 Attempting to load shared library C:\Users\bh_mm\.vscode\extensions\redhat.java-1.56.0-win32-x64\jre\21.0.12.1-win32-x86_64\bin\sunmscapi.dll
Event: 26.386 Loaded shared library C:\Users\bh_mm\.vscode\extensions\redhat.java-1.56.0-win32-x64\jre\21.0.12.1-win32-x86_64\bin\sunmscapi.dll
Event: 26.499 Attempting to load shared library C:\Users\bh_mm\.vscode\extensions\redhat.java-1.56.0-win32-x64\jre\21.0.12.1-win32-x86_64\bin\extnet.dll
Event: 26.562 Loaded shared library C:\Users\bh_mm\.vscode\extensions\redhat.java-1.56.0-win32-x64\jre\21.0.12.1-win32-x86_64\bin\extnet.dll

Deoptimization events (20 events):
Event: 288.825 Thread 0x00000254ce1fe4a0 DEOPT UNPACKING pc=0x00000254f69d78e2 sp=0x00000098df9fde88 mode 0
Event: 288.825 Thread 0x00000254ce200c00 DEOPT PACKING pc=0x00000254f188a5f3 sp=0x00000098df6fea20
Event: 288.825 Thread 0x00000254ce200570 DEOPT UNPACKING pc=0x00000254f69d78e2 sp=0x00000098df8fdde8 mode 0
Event: 288.825 Thread 0x00000254ce200c00 DEOPT UNPACKING pc=0x00000254f69d78e2 sp=0x00000098df6fdeb8 mode 0
Event: 288.826 Thread 0x00000254ce1ff850 DEOPT PACKING pc=0x00000254f188a5f3 sp=0x00000098df7fe9a0
Event: 288.826 Thread 0x00000254ce1ff850 DEOPT UNPACKING pc=0x00000254f69d78e2 sp=0x00000098df7fde38 mode 0
Event: 288.826 Thread 0x00000254ce200570 DEOPT PACKING pc=0x00000254f188a5f3 sp=0x00000098df8fe950
Event: 288.826 Thread 0x00000254ce200570 DEOPT UNPACKING pc=0x00000254f69d78e2 sp=0x00000098df8fdde8 mode 0
Event: 288.826 Thread 0x00000254ce1fe4a0 DEOPT PACKING pc=0x00000254f188a5f3 sp=0x00000098df9fe9f0
Event: 288.826 Thread 0x00000254ce201fb0 DEOPT PACKING pc=0x00000254f188a5f3 sp=0x00000098dfafe640
Event: 288.826 Thread 0x00000254ce1fe4a0 DEOPT UNPACKING pc=0x00000254f69d78e2 sp=0x00000098df9fde88 mode 0
Event: 288.826 Thread 0x00000254ce201fb0 DEOPT UNPACKING pc=0x00000254f69d78e2 sp=0x00000098dfafdad8 mode 0
Event: 288.827 Thread 0x00000254ce1ff850 DEOPT PACKING pc=0x00000254f1887979 sp=0x00000098df7feb50
Event: 288.827 Thread 0x00000254ce1fe4a0 DEOPT PACKING pc=0x00000254f1887979 sp=0x00000098df9feba0
Event: 288.827 Thread 0x00000254ce1ff850 DEOPT UNPACKING pc=0x00000254f69d78e2 sp=0x00000098df7fe0e8 mode 0
Event: 288.827 Thread 0x00000254ce1fe4a0 DEOPT UNPACKING pc=0x00000254f69d78e2 sp=0x00000098df9fe138 mode 0
Event: 288.844 Thread 0x00000254ce1feb30 DEOPT PACKING pc=0x00000254f1887979 sp=0x00000098df4fed30
Event: 288.844 Thread 0x00000254ce1feb30 DEOPT UNPACKING pc=0x00000254f69d78e2 sp=0x00000098df4fe2c8 mode 0
Event: 288.860 Thread 0x00000254ce200570 DEOPT PACKING pc=0x00000254f1887979 sp=0x00000098df8feb00
Event: 288.860 Thread 0x00000254ce200570 DEOPT UNPACKING pc=0x00000254f69d78e2 sp=0x00000098df8fe098 mode 0

Classes loaded (20 events):
Event: 232.920 Loading class java/util/concurrent/CompletableFuture$Signaller
Event: 232.921 Loading class java/util/concurrent/CompletableFuture$Signaller done
Event: 235.150 Loading class java/util/stream/ReduceOps$4
Event: 235.152 Loading class java/util/stream/ReduceOps$4 done
Event: 235.152 Loading class java/util/stream/ReduceOps$4ReducingSink
Event: 235.152 Loading class java/util/stream/ReduceOps$4ReducingSink done
Event: 235.165 Loading class java/nio/file/Files$2
Event: 235.169 Loading class java/nio/file/Files$2 done
Event: 235.683 Loading class jdk/internal/module/IllegalAccessLogger
Event: 235.683 Loading class jdk/internal/module/IllegalAccessLogger done
Event: 235.713 Loading class java/util/concurrent/ArrayBlockingQueue
Event: 235.716 Loading class java/util/concurrent/ArrayBlockingQueue done
Event: 236.501 Loading class java/util/Hashtable$ValueCollection
Event: 236.505 Loading class java/util/Hashtable$ValueCollection done
Event: 236.518 Loading class java/util/concurrent/ConcurrentHashMap$KeySpliterator
Event: 236.535 Loading class java/util/concurrent/ConcurrentHashMap$KeySpliterator done
Event: 237.502 Loading class jdk/internal/module/IllegalAccessLogger
Event: 237.502 Loading class jdk/internal/module/IllegalAccessLogger done
Event: 239.520 Loading class java/nio/file/attribute/PosixFileAttributes
Event: 239.520 Loading class java/nio/file/attribute/PosixFileAttributes done

Classes unloaded (17 events):
Event: 24.696 Thread 0x00000254ec2eeb20 Unloading class 0x00000254851a9400 'java/lang/invoke/LambdaForm$MH+0x00000254851a9400'
Event: 24.696 Thread 0x00000254ec2eeb20 Unloading class 0x00000254851a9000 'java/lang/invoke/LambdaForm$MH+0x00000254851a9000'
Event: 24.696 Thread 0x00000254ec2eeb20 Unloading class 0x00000254851a8c00 'java/lang/invoke/LambdaForm$MH+0x00000254851a8c00'
Event: 24.696 Thread 0x00000254ec2eeb20 Unloading class 0x00000254851a8800 'java/lang/invoke/LambdaForm$MH+0x00000254851a8800'
Event: 24.696 Thread 0x00000254ec2eeb20 Unloading class 0x00000254851a8400 'java/lang/invoke/LambdaForm$BMH+0x00000254851a8400'
Event: 24.696 Thread 0x00000254ec2eeb20 Unloading class 0x00000254851a8000 'java/lang/invoke/LambdaForm$DMH+0x00000254851a8000'
Event: 24.696 Thread 0x00000254ec2eeb20 Unloading class 0x00000254851a6c00 'java/lang/invoke/LambdaForm$DMH+0x00000254851a6c00'
Event: 26.067 Thread 0x00000254ec2eeb20 Unloading class 0x000002548531c800 'java/lang/invoke/LambdaForm$MH+0x000002548531c800'
Event: 26.067 Thread 0x00000254ec2eeb20 Unloading class 0x000002548531c000 'java/lang/invoke/LambdaForm$MH+0x000002548531c000'
Event: 26.067 Thread 0x00000254ec2eeb20 Unloading class 0x000002548531b400 'java/lang/invoke/LambdaForm$MH+0x000002548531b400'
Event: 26.067 Thread 0x00000254ec2eeb20 Unloading class 0x000002548531ac00 'java/lang/invoke/LambdaForm$MH+0x000002548531ac00'
Event: 26.067 Thread 0x00000254ec2eeb20 Unloading class 0x000002548531a400 'java/lang/invoke/LambdaForm$DMH+0x000002548531a400'
Event: 26.067 Thread 0x00000254ec2eeb20 Unloading class 0x0000025485319c00 'java/lang/invoke/LambdaForm$MH+0x0000025485319c00'
Event: 67.878 Thread 0x00000254ec2eeb20 Unloading class 0x0000025485668c00 'java/lang/invoke/LambdaForm$DMH+0x0000025485668c00'
Event: 67.878 Thread 0x00000254ec2eeb20 Unloading class 0x0000025485668800 'java/lang/invoke/LambdaForm$DMH+0x0000025485668800'
Event: 67.878 Thread 0x00000254ec2eeb20 Unloading class 0x0000025485668400 'java/lang/invoke/LambdaForm$DMH+0x0000025485668400'
Event: 67.878 Thread 0x00000254ec2eeb20 Unloading class 0x0000025485668000 'java/lang/invoke/LambdaForm$DMH+0x0000025485668000'

Classes redefined (0 events):
No events

Internal exceptions (20 events):
Event: 284.491 Thread 0x00000254cabb15b0 Exception <a 'sun/nio/fs/WindowsException'{0x00000000d56c66f8}> (0x00000000d56c66f8) 
thrown [s\src\hotspot\share\prims\jni.cpp, line 520]
Event: 284.522 Thread 0x00000254cabb15b0 Exception <a 'sun/nio/fs/WindowsException'{0x00000000d559ddd8}> (0x00000000d559ddd8) 
thrown [s\src\hotspot\share\prims\jni.cpp, line 520]
Event: 284.542 Thread 0x00000254cabb15b0 Exception <a 'sun/nio/fs/WindowsException'{0x00000000d5608ee8}> (0x00000000d5608ee8) 
thrown [s\src\hotspot\share\prims\jni.cpp, line 520]
Event: 284.562 Thread 0x00000254cabb15b0 Exception <a 'sun/nio/fs/WindowsException'{0x00000000d57483b0}> (0x00000000d57483b0) 
thrown [s\src\hotspot\share\prims\jni.cpp, line 520]
Event: 284.584 Thread 0x00000254cabb15b0 Exception <a 'sun/nio/fs/WindowsException'{0x00000000d57f96a8}> (0x00000000d57f96a8) 
thrown [s\src\hotspot\share\prims\jni.cpp, line 520]
Event: 285.093 Thread 0x00000254cabb15b0 Exception <a 'sun/nio/fs/WindowsException'{0x00000000d566adb8}> (0x00000000d566adb8) 
thrown [s\src\hotspot\share\prims\jni.cpp, line 520]
Event: 285.123 Thread 0x00000254cabb15b0 Exception <a 'sun/nio/fs/WindowsException'{0x00000000d587ad38}> (0x00000000d587ad38) 
thrown [s\src\hotspot\share\prims\jni.cpp, line 520]
Event: 285.425 Thread 0x00000254cabb15b0 Exception <a 'sun/nio/fs/WindowsException'{0x00000000d5723288}> (0x00000000d5723288) 
thrown [s\src\hotspot\share\prims\jni.cpp, line 520]
Event: 285.491 Thread 0x00000254cabb15b0 Exception <a 'sun/nio/fs/WindowsException'{0x00000000d5586d78}> (0x00000000d5586d78) 
thrown [s\src\hotspot\share\prims\jni.cpp, line 520]
Event: 285.537 Thread 0x00000254cabb15b0 Exception <a 'sun/nio/fs/WindowsException'{0x00000000d57eeb38}> (0x00000000d57eeb38) 
thrown [s\src\hotspot\share\prims\jni.cpp, line 520]
Event: 285.652 Thread 0x00000254cabb15b0 Exception <a 'sun/nio/fs/WindowsException'{0x00000000d5776e70}> (0x00000000d5776e70) 
thrown [s\src\hotspot\share\prims\jni.cpp, line 520]
Event: 285.718 Thread 0x00000254cabb15b0 Exception <a 'sun/nio/fs/WindowsException'{0x00000000d56e5e78}> (0x00000000d56e5e78) 
thrown [s\src\hotspot\share\prims\jni.cpp, line 520]
Event: 285.818 Thread 0x00000254cabb15b0 Exception <a 'sun/nio/fs/WindowsException'{0x00000000d58d3da0}> (0x00000000d58d3da0) 
thrown [s\src\hotspot\share\prims\jni.cpp, line 520]
Event: 285.869 Thread 0x00000254cabb15b0 Exception <a 'sun/nio/fs/WindowsException'{0x00000000d584b848}> (0x00000000d584b848) 
thrown [s\src\hotspot\share\prims\jni.cpp, line 520]
Event: 285.906 Thread 0x00000254cabb15b0 Exception <a 'sun/nio/fs/WindowsException'{0x00000000d5632b68}> (0x00000000d5632b68) 
thrown [s\src\hotspot\share\prims\jni.cpp, line 520]
Event: 286.097 Thread 0x00000254cabb15b0 Exception <a 'sun/nio/fs/WindowsException'{0x00000000d5647060}> (0x00000000d5647060) 
thrown [s\src\hotspot\share\prims\jni.cpp, line 520]
Event: 286.544 Thread 0x00000254cabb15b0 Exception <a 'sun/nio/fs/WindowsException'{0x00000000d56cb038}> (0x00000000d56cb038) 
thrown [s\src\hotspot\share\prims\jni.cpp, line 520]
Event: 288.753 Thread 0x00000254ce1feb30 Implicit null exception at 0x00000254f7bb78e3 to 0x00000254f7bb85c4
Event: 535.531 Thread 0x00000254cabb22d0 Exception <a 'sun/nio/fs/WindowsException'{0x00000000d55b4338}> (0x00000000d55b4338) 
thrown [s\src\hotspot\share\prims\jni.cpp, line 520]
Event: 535.543 Thread 0x00000254cabb22d0 Exception <a 'sun/nio/fs/WindowsException'{0x00000000d55b50a8}> (0x00000000d55b50a8) 
thrown [s\src\hotspot\share\prims\jni.cpp, line 520]

ZGC Phase Switch (0 events):
No events

VM Operations (20 events):
Event: 1383.195 Executing non-safepoint VM operation: HandshakeAllThreads (HandshakeForDeflation)
Event: 1383.196 Executing non-safepoint VM operation: HandshakeAllThreads (HandshakeForDeflation) done
Event: 1383.196 Executing non-safepoint VM operation: RendezvousGCThreads
Event: 1383.196 Executing non-safepoint VM operation: RendezvousGCThreads done
Event: 1443.433 Executing non-safepoint VM operation: HandshakeAllThreads (HandshakeForDeflation)
Event: 1443.433 Executing non-safepoint VM operation: HandshakeAllThreads (HandshakeForDeflation) done
Event: 1443.433 Executing non-safepoint VM operation: RendezvousGCThreads
Event: 1443.433 Executing non-safepoint VM operation: RendezvousGCThreads done
Event: 1503.585 Executing non-safepoint VM operation: HandshakeAllThreads (HandshakeForDeflation)
Event: 1503.585 Executing non-safepoint VM operation: HandshakeAllThreads (HandshakeForDeflation) done
Event: 1503.585 Executing non-safepoint VM operation: RendezvousGCThreads
Event: 1503.585 Executing non-safepoint VM operation: RendezvousGCThreads done
Event: 1563.590 Executing non-safepoint VM operation: HandshakeAllThreads (HandshakeForDeflation)
Event: 1563.596 Executing non-safepoint VM operation: HandshakeAllThreads (HandshakeForDeflation) done
Event: 1563.596 Executing non-safepoint VM operation: RendezvousGCThreads
Event: 1563.596 Executing non-safepoint VM operation: RendezvousGCThreads done
Event: 1623.684 Executing non-safepoint VM operation: HandshakeAllThreads (HandshakeForDeflation)
Event: 1623.689 Executing non-safepoint VM operation: HandshakeAllThreads (HandshakeForDeflation) done
Event: 1623.689 Executing non-safepoint VM operation: RendezvousGCThreads
Event: 1623.689 Executing non-safepoint VM operation: RendezvousGCThreads done

Memory protections (0 events):
No events

Nmethod flushes (20 events):
Event: 67.903 Thread 0x00000254ec2eeb20 flushing  nmethod 0x00000254efc2a690
Event: 67.903 Thread 0x00000254ec2eeb20 flushing  nmethod 0x00000254efc3af10
Event: 67.903 Thread 0x00000254ec2eeb20 flushing  nmethod 0x00000254efc3c010
Event: 67.903 Thread 0x00000254ec2eeb20 flushing  nmethod 0x00000254efc53810
Event: 67.903 Thread 0x00000254ec2eeb20 flushing  nmethod 0x00000254efc61990
Event: 67.903 Thread 0x00000254ec2eeb20 flushing  nmethod 0x00000254efc6ba90
Event: 67.903 Thread 0x00000254ec2eeb20 flushing  nmethod 0x00000254efc6c190
Event: 67.903 Thread 0x00000254ec2eeb20 flushing  nmethod 0x00000254efc6d590
Event: 67.903 Thread 0x00000254ec2eeb20 flushing  nmethod 0x00000254efc6da10
Event: 67.903 Thread 0x00000254ec2eeb20 flushing  nmethod 0x00000254efc6e010
Event: 67.903 Thread 0x00000254ec2eeb20 flushing  nmethod 0x00000254efc6ee90
Event: 67.903 Thread 0x00000254ec2eeb20 flushing  nmethod 0x00000254efc73010
Event: 67.903 Thread 0x00000254ec2eeb20 flushing  nmethod 0x00000254efc7c710
Event: 67.903 Thread 0x00000254ec2eeb20 flushing  nmethod 0x00000254efc83590
Event: 67.903 Thread 0x00000254ec2eeb20 flushing  nmethod 0x00000254efc8da90
Event: 67.903 Thread 0x00000254ec2eeb20 flushing  nmethod 0x00000254efc9d190
Event: 67.903 Thread 0x00000254ec2eeb20 flushing  nmethod 0x00000254efcbb210
Event: 67.903 Thread 0x00000254ec2eeb20 flushing  nmethod 0x00000254efcccd10
Event: 67.903 Thread 0x00000254ec2eeb20 flushing  nmethod 0x00000254efcdc390
Event: 67.903 Thread 0x00000254ec2eeb20 flushing  nmethod 0x00000254efd21990

Events (20 events):
Event: 535.087 Thread 0x00000254cabafb70 Thread exited: 0x00000254cabafb70
Event: 535.087 Thread 0x00000254ca392310 Thread exited: 0x00000254ca392310
Event: 535.428 Thread 0x00000254cabb22d0 Thread added: 0x00000254ce202640
Event: 535.444 Thread 0x00000254ce202640 Thread exited: 0x00000254ce202640
Event: 535.554 Thread 0x00000254cabb22d0 Thread added: 0x00000254ce202640
Event: 535.556 Thread 0x00000254ce202640 Thread exited: 0x00000254ce202640
Event: 536.643 Thread 0x00000254ca3936c0 Thread exited: 0x00000254ca3936c0
Event: 536.653 Thread 0x00000254ca390f60 Thread exited: 0x00000254ca390f60
Event: 536.653 Thread 0x00000254ca3908d0 Thread exited: 0x00000254ca3908d0
Event: 536.655 Thread 0x00000254ca393030 Thread exited: 0x00000254ca393030
Event: 536.778 Thread 0x00000254ca391c80 Thread exited: 0x00000254ca391c80
Event: 536.778 Thread 0x00000254cabaee50 Thread exited: 0x00000254cabaee50
Event: 537.702 Thread 0x00000254ca390240 Thread exited: 0x00000254ca390240
Event: 537.702 Thread 0x00000254ca3915f0 Thread exited: 0x00000254ca3915f0
Event: 539.347 Thread 0x00000254cca3e290 Thread exited: 0x00000254cca3e290
Event: 588.877 Thread 0x00000254ce1feb30 Thread exited: 0x00000254ce1feb30
Event: 599.365 Thread 0x00000254cbbbc2d0 Thread exited: 0x00000254cbbbc2d0
Event: 888.884 Thread 0x00000254ce1ff850 Thread exited: 0x00000254ce1ff850
Event: 1188.907 Thread 0x00000254ce1fe4a0 Thread exited: 0x00000254ce1fe4a0
Event: 1488.925 Thread 0x00000254ce201920 Thread exited: 0x00000254ce201920


Dynamic libraries:
0x00007ff7f3840000 - 0x00007ff7f384e000 	c:\Users\bh_mm\.vscode\extensions\redhat.java-1.56.0-win32-x64\jre\21.0.12.1-win32-x86_64\bin\java.exe
0x00007ff95ea20000 - 0x00007ff95ec87000 	C:\WINDOWS\SYSTEM32\ntdll.dll
0x00007ff95ca10000 - 0x00007ff95cadb000 	C:\WINDOWS\System32\KERNEL32.DLL
0x00007ff95be90000 - 0x00007ff95c292000 	C:\WINDOWS\System32\KERNELBASE.dll
0x00007ff95c5e0000 - 0x00007ff95c72c000 	C:\WINDOWS\System32\ucrtbase.dll
0x00007ff943d10000 - 0x00007ff943d28000 	c:\Users\bh_mm\.vscode\extensions\redhat.java-1.56.0-win32-x64\jre\21.0.12.1-win32-x86_64\bin\jli.dll
0x00007ff95e740000 - 0x00007ff95e90f000 	C:\WINDOWS\System32\USER32.dll
0x00007ff95c2a0000 - 0x00007ff95c2c7000 	C:\WINDOWS\System32\win32u.dll
0x00007ff95def0000 - 0x00007ff95df1b000 	C:\WINDOWS\System32\GDI32.dll
0x00007ff95bd60000 - 0x00007ff95be89000 	C:\WINDOWS\System32\gdi32full.dll
0x00007ff95bc20000 - 0x00007ff95bcc3000 	C:\WINDOWS\System32\msvcp_win.dll
0x00007ff944320000 - 0x00007ff94433e000 	c:\Users\bh_mm\.vscode\extensions\redhat.java-1.56.0-win32-x64\jre\21.0.12.1-win32-x86_64\bin\VCRUNTIME140.dll
0x00007ff940fe0000 - 0x00007ff941270000 	C:\WINDOWS\WinSxS\amd64_microsoft.windows.common-controls_6595b64144ccf1df_6.0.26100.9278_none_3e0d1ba8e3303201\COMCTL32.dll
0x00007ff95c960000 - 0x00007ff95ca09000 	C:\WINDOWS\System32\msvcrt.dll
0x00007ff95cd60000 - 0x00007ff95cd91000 	C:\WINDOWS\System32\IMM32.DLL
0x00007ff953090000 - 0x00007ff95309c000 	c:\Users\bh_mm\.vscode\extensions\redhat.java-1.56.0-win32-x64\jre\21.0.12.1-win32-x86_64\bin\vcruntime140_1.dll
0x00007ff943a00000 - 0x00007ff943a8d000 	c:\Users\bh_mm\.vscode\extensions\redhat.java-1.56.0-win32-x64\jre\21.0.12.1-win32-x86_64\bin\msvcp140.dll
0x00007ff89ac10000 - 0x00007ff89b9b2000 	c:\Users\bh_mm\.vscode\extensions\redhat.java-1.56.0-win32-x64\jre\21.0.12.1-win32-x86_64\bin\server\jvm.dll
0x00007ff95da00000 - 0x00007ff95dabc000 	C:\WINDOWS\System32\ADVAPI32.dll
0x00007ff95dad0000 - 0x00007ff95db79000 	C:\WINDOWS\System32\sechost.dll
0x00007ff95d0e0000 - 0x00007ff95d1f8000 	C:\WINDOWS\System32\RPCRT4.dll
0x00007ff95de60000 - 0x00007ff95dee0000 	C:\WINDOWS\System32\WS2_32.dll
0x00007ff95ba80000 - 0x00007ff95bade000 	C:\WINDOWS\SYSTEM32\POWRPROF.dll
0x00007ff9593f0000 - 0x00007ff959426000 	C:\WINDOWS\SYSTEM32\WINMM.dll
0x00007ff94bed0000 - 0x00007ff94bedb000 	C:\WINDOWS\SYSTEM32\VERSION.dll
0x00007ff95ba60000 - 0x00007ff95ba75000 	C:\WINDOWS\SYSTEM32\UMPDC.dll
0x00007ff95a8d0000 - 0x00007ff95a8eb000 	C:\WINDOWS\SYSTEM32\kernel.appcore.dll
0x00007ff944b60000 - 0x00007ff944b6a000 	c:\Users\bh_mm\.vscode\extensions\redhat.java-1.56.0-win32-x64\jre\21.0.12.1-win32-x86_64\bin\jimage.dll
0x00007ff959100000 - 0x00007ff95934c000 	C:\WINDOWS\SYSTEM32\DBGHELP.DLL
0x00007ff95df20000 - 0x00007ff95e2a5000 	C:\WINDOWS\System32\combase.dll
0x00007ff95cf80000 - 0x00007ff95d059000 	C:\WINDOWS\System32\OLEAUT32.dll
0x00007ff959360000 - 0x00007ff95939b000 	C:\WINDOWS\SYSTEM32\dbgcore.DLL
0x00007ff95c390000 - 0x00007ff95c43c000 	C:\WINDOWS\System32\bcryptPrimitives.dll
0x00007ff944a90000 - 0x00007ff944a9f000 	c:\Users\bh_mm\.vscode\extensions\redhat.java-1.56.0-win32-x64\jre\21.0.12.1-win32-x86_64\bin\instrument.dll
0x00007ff943990000 - 0x00007ff9439b0000 	c:\Users\bh_mm\.vscode\extensions\redhat.java-1.56.0-win32-x64\jre\21.0.12.1-win32-x86_64\bin\java.dll
0x00007ff95d200000 - 0x00007ff95d998000 	C:\WINDOWS\System32\SHELL32.dll
0x00007ff959640000 - 0x00007ff959eee000 	C:\WINDOWS\SYSTEM32\windows.storage.dll
0x00007ff95c7d0000 - 0x00007ff95c8cb000 	C:\WINDOWS\System32\SHCORE.dll
0x00007ff95c8f0000 - 0x00007ff95c956000 	C:\WINDOWS\System32\shlwapi.dll
0x00007ff95bb40000 - 0x00007ff95bb69000 	C:\WINDOWS\SYSTEM32\profapi.dll
0x00007ff943cd0000 - 0x00007ff943ce8000 	c:\Users\bh_mm\.vscode\extensions\redhat.java-1.56.0-win32-x64\jre\21.0.12.1-win32-x86_64\bin\zip.dll
0x00007ff9439f0000 - 0x00007ff943a00000 	C:\Users\bh_mm\.vscode\extensions\redhat.java-1.56.0-win32-x64\jre\21.0.12.1-win32-x86_64\bin\net.dll
0x00007ff953900000 - 0x00007ff953a2a000 	C:\WINDOWS\SYSTEM32\WINHTTP.dll
0x00007ff95aeb0000 - 0x00007ff95af1c000 	C:\WINDOWS\system32\mswsock.dll
0x00007ff9439d0000 - 0x00007ff9439e6000 	C:\Users\bh_mm\.vscode\extensions\redhat.java-1.56.0-win32-x64\jre\21.0.12.1-win32-x86_64\bin\nio.dll
0x00007ff9439c0000 - 0x00007ff9439d0000 	c:\Users\bh_mm\.vscode\extensions\redhat.java-1.56.0-win32-x64\jre\21.0.12.1-win32-x86_64\bin\verify.dll
0x00007ff8e9ab0000 - 0x00007ff8e9af5000 	C:\Users\bh_mm\AppData\Roaming\Code\User\globalStorage\redhat.java\1.56.0\config_win\org.eclipse.equinox.launcher\org.eclipse.equinox.launcher.win32.win32.x86_64_1.3.100.v20260804-1928\eclipse_11924.dll
0x00007ff95cda0000 - 0x00007ff95cf3a000 	C:\WINDOWS\System32\ole32.dll
0x00007ff9439b0000 - 0x00007ff9439ba000 	C:\Users\bh_mm\.vscode\extensions\redhat.java-1.56.0-win32-x64\jre\21.0.12.1-win32-x86_64\bin\management.dll
0x00007ff943980000 - 0x00007ff94398c000 	C:\Users\bh_mm\.vscode\extensions\redhat.java-1.56.0-win32-x64\jre\21.0.12.1-win32-x86_64\bin\management_ext.dll
0x00007ff95d9a0000 - 0x00007ff95d9a8000 	C:\WINDOWS\System32\PSAPI.DLL
0x00007ff95b1a0000 - 0x00007ff95b1bb000 	C:\WINDOWS\SYSTEM32\CRYPTSP.dll
0x00007ff95a830000 - 0x00007ff95a869000 	C:\WINDOWS\system32\rsaenh.dll
0x00007ff95af60000 - 0x00007ff95af94000 	C:\WINDOWS\SYSTEM32\USERENV.dll
0x00007ff95bb10000 - 0x00007ff95bb3a000 	C:\WINDOWS\SYSTEM32\bcrypt.dll
0x00007ff95b1c0000 - 0x00007ff95b1cc000 	C:\WINDOWS\SYSTEM32\CRYPTBASE.dll
0x00007ff95a270000 - 0x00007ff95a2a3000 	C:\WINDOWS\SYSTEM32\IPHLPAPI.DLL
0x00007ff95cf70000 - 0x00007ff95cf7a000 	C:\WINDOWS\System32\NSI.dll
0x00007ff8e7920000 - 0x00007ff8e7969000 	C:\Users\bh_mm\AppData\Local\Temp\jna-2094529\jna1422338926693590535.dll
0x00007ff954be0000 - 0x00007ff954bfd000 	C:\WINDOWS\SYSTEM32\dhcpcsvc6.DLL
0x00007ff954b10000 - 0x00007ff954b35000 	C:\WINDOWS\SYSTEM32\dhcpcsvc.DLL
0x00007ff943970000 - 0x00007ff94397e000 	C:\Users\bh_mm\.vscode\extensions\redhat.java-1.56.0-win32-x64\jre\21.0.12.1-win32-x86_64\bin\sunmscapi.dll
0x00007ff95c450000 - 0x00007ff95c5ce000 	C:\WINDOWS\System32\CRYPT32.dll
0x00007ff95b3e0000 - 0x00007ff95b410000 	C:\WINDOWS\SYSTEM32\ncrypt.dll
0x00007ff95b390000 - 0x00007ff95b3cf000 	C:\WINDOWS\SYSTEM32\NTASN1.dll
0x00007ff95a2b0000 - 0x00007ff95a408000 	C:\WINDOWS\SYSTEM32\DNSAPI.dll
0x00007ff95acb0000 - 0x00007ff95acbd000 	C:\WINDOWS\SYSTEM32\DSPARSE.dll
0x00007ff94bd40000 - 0x00007ff94bd4b000 	C:\Windows\System32\rasadhlp.dll
0x00007ff955960000 - 0x00007ff9559e6000 	C:\WINDOWS\System32\fwpuclnt.dll
0x00007ff9438b0000 - 0x00007ff9438b9000 	C:\Users\bh_mm\.vscode\extensions\redhat.java-1.56.0-win32-x64\jre\21.0.12.1-win32-x86_64\bin\extnet.dll

JVMTI agents:
c:\Users\bh_mm\.vscode\extensions\redhat.java-1.56.0-win32-x64\lombok\lombok-1.18.39-4050.jar path:c:\Users\bh_mm\.vscode\extensions\redhat.java-1.56.0-win32-x64\jre\21.0.12.1-win32-x86_64\bin\instrument.dll, loaded, initialized, instrumentlib options:none

dbghelp: loaded successfully - version: 4.0.5 - missing functions: none
symbol engine: initialized successfully - sym options: 0x614 - pdb path: .;c:\Users\bh_mm\.vscode\extensions\redhat.java-1.56.0-win32-x64\jre\21.0.12.1-win32-x86_64\bin;C:\WINDOWS\SYSTEM32;C:\WINDOWS\WinSxS\amd64_microsoft.windows.common-controls_6595b64144ccf1df_6.0.26100.9278_none_3e0d1ba8e3303201;c:\Users\bh_mm\.vscode\extensions\redhat.java-1.56.0-win32-x64\jre\21.0.12.1-win32-x86_64\bin\server;C:\Users\bh_mm\AppData\Roaming\Code\User\globalStorage\redhat.java\1.56.0\config_win\org.eclipse.equinox.launcher\org.eclipse.equinox.launcher.win32.win32.x86_64_1.3.100.v20260804-1928;C:\Users\bh_mm\AppData\Local\Temp\jna-2094529

VM Arguments:
jvm_args: --add-modules=ALL-SYSTEM --add-opens=java.base/java.util=ALL-UNNAMED --add-opens=java.base/java.lang=ALL-UNNAMED --add-opens=java.base/sun.nio.fs=ALL-UNNAMED -Declipse.application=org.eclipse.jdt.ls.core.id1 -Dosgi.bundles.defaultStartLevel=4 -Declipse.product=org.eclipse.jdt.ls.core.product -Djava.import.generatesMetadataFilesAtProjectRoot=false -Dm2e.project.cache.size=50 -DDetectVMInstallationsJob.disabled=true -Dfile.encoding=utf8 -XX:+UseParallelGC -XX:GCTimeRatio=4 -XX:AdaptiveSizePolicyWeight=90 -Dsun.zip.disableMemoryMapping=true -Xmx2G -Xms100m -Xlog:disable -javaagent:c:\Users\bh_mm\.vscode\extensions\redhat.java-1.56.0-win32-x64\lombok\lombok-1.18.39-4050.jar -XX:+HeapDumpOnOutOfMemoryError -XX:HeapDumpPath=c:\Users\bh_mm\AppData\Roaming\Code\User\workspaceStorage\262f8f064838e6db8bfc3bb86588ab3c\redhat.java -Daether.dependencyCollector.impl=bf 
java_command: c:\Users\bh_mm\.vscode\extensions\redhat.java-1.56.0-win32-x64\server\plugins\org.eclipse.equinox.launcher_1.8.0.v20260804-1928.jar -configuration c:\Users\bh_mm\AppData\Roaming\Code\User\globalStorage\redhat.java\1.56.0\config_win -data c:\Users\bh_mm\AppData\Roaming\Code\User\workspaceStorage\262f8f064838e6db8bfc3bb86588ab3c\redhat.java\jdt_ws --pipe=\\.\pipe\lsp-9fcd4fd3586179016509c093fa569af8-sock
java_class_path (initial): c:\Users\bh_mm\.vscode\extensions\redhat.java-1.56.0-win32-x64\server\plugins\org.eclipse.equinox.launcher_1.8.0.v20260804-1928.jar
Launcher Type: SUN_STANDARD

[Global flags]
    uintx AdaptiveSizePolicyWeight                 = 90                                        {product} {command line}
     intx CICompilerCount                          = 4                                         {product} {ergonomic}
    uintx GCTimeRatio                              = 4                                         {product} {command line}
     bool HeapDumpOnOutOfMemoryError               = true                                   {manageable} {command line}
    ccstr HeapDumpPath                             = c:\Users\bh_mm\AppData\Roaming\Code\User\workspaceStorage\262f8f064838e6db8bfc3bb86588ab3c\redhat.java         {manageable} {command line}
   size_t InitialHeapSize                          = 104857600                                 {product} {command line}
   size_t MaxHeapSize                              = 2147483648                                {product} {command line}
   size_t MaxNewSize                               = 715653120                                 {product} {ergonomic}
   size_t MinHeapDeltaBytes                        = 524288                                    {product} {ergonomic}
   size_t MinHeapSize                              = 104857600                                 {product} {command line}
   size_t NewSize                                  = 34603008                                  {product} {ergonomic}
    uintx NonNMethodCodeHeapSize                   = 5839372                                {pd product} {ergonomic}
    uintx NonProfiledCodeHeapSize                  = 122909434                              {pd product} {ergonomic}
   size_t OldSize                                  = 70254592                                  {product} {ergonomic}
    uintx ProfiledCodeHeapSize                     = 122909434                              {pd product} {ergonomic}
    uintx ReservedCodeCacheSize                    = 251658240                              {pd product} {ergonomic}
     bool SegmentedCodeCache                       = true                                      {product} {ergonomic}
   size_t SoftMaxHeapSize                          = 2147483648                             {manageable} {ergonomic}
     bool UseCompressedOops                        = true                           {product lp64_product} {ergonomic}
     bool UseLargePagesIndividualAllocation        = false                                  {pd product} {ergonomic}
     bool UseParallelGC                            = true                                      {product} {command line}

Logging:
Log output configuration:
 #0: stdout all=off uptime,level,tags foldmultilines=false
 #1: stderr all=off uptime,level,tags foldmultilines=false

Release file:
JAVA_VERSION="21.0.12.1" 
MODULES="java.base java.compiler java.datatransfer java.xml java.prefs java.desktop java.instrument java.logging java.management java.security.sasl java.naming java.rmi java.management.rmi java.net.http java.scripting java.security.jgss java.transaction.xa java.sql java.sql.rowset java.xml.crypto java.se java.smartcardio jdk.accessibility jdk.internal.jvmstat jdk.attach jdk.charsets jdk.internal.opt jdk.zipfs jdk.compiler jdk.crypto.ec jdk.crypto.cryptoki jdk.crypto.mscapi jdk.dynalink jdk.internal.ed jdk.editpad jdk.hotspot.agent jdk.httpserver jdk.internal.le jdk.internal.vm.ci jdk.internal.vm.compiler jdk.internal.vm.compiler.management jdk.jartool jdk.javadoc jdk.jcmd jdk.management jdk.management.agent jdk.jconsole jdk.jdeps jdk.jdwp.agent jdk.jdi jdk.jfr jdk.jshell jdk.jsobject jdk.jstatd jdk.localedata jdk.management.jfr jdk.naming.dns jdk.naming.rmi jdk.net jdk.nio.mapmode jdk.random jdk.sctp jdk.security.auth jdk.security.jgss jdk.unsupported jdk.unsupported.desktop jdk.xml.dom" 

Environment Variables:
PATH=C:\Program Files\Common Files\Oracle\Java\javapath;C:\WINDOWS\system32;C:\WINDOWS;C:\WINDOWS\System32\Wbem;C:\WINDOWS\System32\WindowsPowerShell\v1.0\;C:\WINDOWS\System32\OpenSSH\;C:\Program Files\dotnet\;C:\Program Files (x86)\Microsoft SQL Server\160\Tools\Binn\;C:\Program Files\Microsoft SQL Server\160\Tools\Binn\;C:\Program Files\Microsoft SQL Server\Client SDK\ODBC\170\Tools\Binn\;C:\Program Files\Microsoft SQL Server\160\DTS\Binn\;C:\Program Files (x86)\Microsoft SQL Server\160\DTS\Binn\;C:\Program Files\Git\cmd;C:\Users\bh_mm\Downloads\sonar-scanner-cli-7.1.0.4889-windows-x64\sonar-scanner-7.1.0.4889-windows-x64\bin;C:\Program Files\Microsoft SQL Server\150\Tools\Binn\;C:\dev\flutter\bin;C:\dev\dart-sdk\bin;C:\Program Files\Cloudflare\Cloudflare WARP\;C:\Program Files\nodejs\;C:\ProgramData\chocolatey\bin;C:\Users\bh_mm\AppData\Local\Microsoft\WindowsApps;C:\Users\bh_mm\AppData\Local\Programs\Microsoft VS Code\bin;C:\Users\bh_mm\Downloads\sonar-scanner-cli-7.1.0.4889-windows-x64\sonar-scanner-7.1.0.4889-windows-x64\bin;C:\Program Files\JetBrains\IntelliJ IDEA Community Edition 2025.1.2\bin;;C:\dev\flutter\bin;C:\dev\dart-sdk\bin;C:\Users\bh_mm\AppData\Roaming\npm;C:\tools\dart-sdk\bin;C:\Users\bh_mm\AppData\Local\Pub\Cache\bin
USERNAME=DELL
OS=Windows_NT
PROCESSOR_IDENTIFIER=Intel64 Family 6 Model 140 Stepping 1, GenuineIntel
TMP=C:\Users\bh_mm\AppData\Local\Temp
TEMP=C:\Users\bh_mm\AppData\Local\Temp




Periodic native trim disabled

---------------  S Y S T E M  ---------------

OS:
 Windows 11 , 64 bit Build 26100 (10.0.26100.9444)
OS uptime: 0 days 6:40 hours
Hyper-V role detected

CPU: total 8 (initial active 8) (4 cores per cpu, 2 threads per core) family 6 model 140 stepping 1 microcode 0xbe, cx8, cmov, fxsr, ht, mmx, 3dnowpref, sse, sse2, sse3, ssse3, sse4.1, sse4.2, popcnt, lzcnt, tsc, tscinvbit, avx, avx2, aes, erms, clmul, bmi1, bmi2, adx, avx512f, avx512dq, avx512cd, avx512bw, avx512vl, sha, fma, vzeroupper, avx512_vpopcntdq, avx512_vpclmulqdq, avx512_vaes, avx512_vnni, clflush, clflushopt, clwb, avx512_vbmi2, avx512_vbmi, hv, rdtscp, rdpid, fsrm, gfni, avx512_bitalg, f16c, cet_ibt, cet_ss, avx512_ifma
Processor Information for the first 8 processors :
  Max Mhz: 2419, Current Mhz: 2419, Mhz Limit: 2419

Memory: 4k page, system-wide physical 7926M (99M free)
TotalPageFile size 32502M (AvailPageFile size 87M)
current process WorkingSet (physical memory assigned to process): 9M, peak: 539M
current process commit charge ("private bytes"): 1415M, peak: 1422M

vm_info: OpenJDK 64-Bit Server VM (21.0.12.1+1-LTS) for windows-amd64 JRE (21.0.12.1+1-LTS), built on 2026-08-18T00:00:00Z by "admin" with MS VC++ 17.12 (VS2022)

END.
